// Bun Snapshot v1, https://bun.sh/docs/test/snapshots

exports[`the narrow table beside the chart (006 FR-012, research R5) at full width the table is exactly what it was before the chart existed 1`] = `
[
  "Zastupitelstva obcí   ✓ konečné výsledky",
  "Zveřejněno: 2026-10-09T21:15:00 (před 5 min)",
  "",
  " SEČTENO OKRSKŮ            ÚČAST                     PLATNÉ HLASY",
  " ·14 722 / 14 722          ·46,07 %                  ·87 076 331",
  " █████████████ 100,00 %    ██████████▏               59 228 zvolených",
  "Voliči: 8 255 204   Vydané obálky: 3 803 131",
  "",
  "Volební strana                       Hlasy       Podíl     Mandáty     Podíl",
  "───────────────────────────── ──────────── ─────────── ─────────── ─────────",
  "Sdružení nezávislých kandidá…  ·12 927 293     14,85 %     ·37 712   63,67 %",
  "Nezávislý kandidát                ·586 989      0,67 %      ·5 764    9,73 %",
  "KDU-ČSL                         ·2 017 667      2,32 %      ·2 667    4,50 %",
  "Sdružení STAN, NK               ·2 289 112      2,63 %      ·1 773    2,99 %",
  "Občanská demokratická strana    ·2 994 783      3,44 %      ·1 409    2,38 %",
  "ANO 2011                       ·14 297 232     16,42 %      ·1 240    2,09 %",
  "STAROSTOVÉ A NEZÁVISLÍ          ·2 798 591      3,21 %        ·881    1,49 %",
  "Sdružení SOCDEM, NK             ·1 529 011      1,76 %        ·515    0,87 %",
  "Sociální demokracie               ·865 783      0,99 %        ·492    0,83 %",
  "Sdružení KDU-ČSL, NK              ·636 216      0,73 %        ·488    0,82 %",
  "Sdružení ODS, NK                  ·675 527      0,78 %        ·399    0,67 %",
  "Komunistická strana Čech a M…   ·1 456 470      1,67 %        ·391    0,66 %",
  "Svoboda a přímá demokracie (…   ·2 361 692      2,71 %        ·316    0,53 %",
  "Sdružení ANO 2011, NK           ·1 169 141      1,34 %        ·276    0,47 %",
  "Sdružení TOP 09, NK               ·360 739      0,41 %        ·272    0,46 %",
  "Nestraníci                        ·225 444      0,26 %        ·209    0,35 %",
  "Sdružení SLK, NK                  ·184 457      0,21 %        ·201    0,34 %",
  "Koalice KDU-ČSL, ODS a TOP 09   ·7 860 321      9,03 %        ·181    0,31 %",
  "Sdružení NEZ, NK                  ·448 880      0,52 %        ·163    0,28 %",
  "NEZÁVISLÍ                         ·274 799      0,32 %        ·162    0,27 %",
]
`;

exports[`the narrow table beside the chart (006 FR-012, research R5) at full width the table is exactly what it was before the chart existed 2`] = `
[
  "Zastupitelstva obcí   ✓ konečné výsledky",
  "Zveřejněno: 2026-10-09T21:15:00 (před 5 min)",
  "",
  " SEČTENO OKRSKŮ                    ÚČAST                             PLATNÉ HLASY",
  " ·14 722 / 14 722                  ·46,07 %                          ·87 076 331",
  " █████████████████████ 100,00 %    █████████████▉                    59 228 zvolených",
  "Voliči: 8 255 204   Vydané obálky: 3 803 131",
  "",
  "Volební strana                                    Hlasy       Podíl                Mandáty     Podíl",
  "────────────────────────────────────────── ──────────── ─────────── ────────── ─────────── ─────────",
  "Sdružení nezávislých kandidátů - místní s…  ·12 927 293     14,85 % █▌             ·37 712   63,67 %",
  "Nezávislý kandidát                             ·586 989      0,67 % ▏               ·5 764    9,73 %",
  "KDU-ČSL                                      ·2 017 667      2,32 % ▎               ·2 667    4,50 %",
  "Sdružení STAN, NK                            ·2 289 112      2,63 % ▎               ·1 773    2,99 %",
  "Občanská demokratická strana                 ·2 994 783      3,44 % ▍               ·1 409    2,38 %",
  "ANO 2011                                    ·14 297 232     16,42 % █▋              ·1 240    2,09 %",
  "STAROSTOVÉ A NEZÁVISLÍ                       ·2 798 591      3,21 % ▍                 ·881    1,49 %",
  "Sdružení SOCDEM, NK                          ·1 529 011      1,76 % ▏                 ·515    0,87 %",
  "Sociální demokracie                            ·865 783      0,99 % ▏                 ·492    0,83 %",
  "Sdružení KDU-ČSL, NK                           ·636 216      0,73 % ▏                 ·488    0,82 %",
  "Sdružení ODS, NK                               ·675 527      0,78 % ▏                 ·399    0,67 %",
  "Komunistická strana Čech a Moravy            ·1 456 470      1,67 % ▏                 ·391    0,66 %",
  "Svoboda a přímá demokracie (SPD)             ·2 361 692      2,71 % ▎                 ·316    0,53 %",
  "Sdružení ANO 2011, NK                        ·1 169 141      1,34 % ▏                 ·276    0,47 %",
  "Sdružení TOP 09, NK                            ·360 739      0,41 %                   ·272    0,46 %",
  "Nestraníci                                     ·225 444      0,26 %                   ·209    0,35 %",
  "Sdružení SLK, NK                               ·184 457      0,21 %                   ·201    0,34 %",
  "Koalice KDU-ČSL, ODS a TOP 09                ·7 860 321      9,03 % ▉                 ·181    0,31 %",
  "Sdružení NEZ, NK                               ·448 880      0,52 %                   ·163    0,28 %",
  "NEZÁVISLÍ                                      ·274 799      0,32 %                   ·162    0,27 %",
]
`;
